[paul-themes.com/html/donald/index.html]
[backblue.gif]
[fade.gif]
[index.html]
[paul-themes.com/html/donald/favicon.png]
[paul-themes.com/html/donald/apple-touch-icon.png]
[paul-themes.com/html/donald/apple-touch-icon-72x72.png]
[paul-themes.com/html/donald/apple-touch-icon-114x114.png]
[paul-themes.com/html/donald/css/style.css]
[paul-themes.com/html/donald/img/portfolio/1-637x930.jpg]
[paul-themes.com/html/donald/img/portfolio/1-637x465.jpg]
[paul-themes.com/html/donald/img/portfolio/2-637x465.jpg]
[paul-themes.com/html/donald/img/portfolio/3-637x465.jpg]
[paul-themes.com/html/donald/img/portfolio/4-637x465.jpg]
[paul-themes.com/html/donald/img/reviews/1.jpg]
[paul-themes.com/html/donald/img/reviews/2.jpg]
[paul-themes.com/html/donald/img/reviews/3.jpg]
[paul-themes.com/html/donald/img/partners/1.png]
[paul-themes.com/html/donald/img/partners/2.png]
[paul-themes.com/html/donald/img/partners/3.png]
[paul-themes.com/html/donald/img/partners/4.png]
[paul-themes.com/cdn-cgi/scripts/af2821b0/cloudflare-static/email-decode.min.js]
[paul-themes.com/html/donald/js/jquery.min.js]
[paul-themes.com/html/donald/js/bootstrap.min.js]
[paul-themes.com/html/donald/js/smoothscroll.js]
[paul-themes.com/html/donald/js/jquery.magnific-popup]
[paul-themes.com/html/donald/js/wow.min.js]
[paul-themes.com/html/donald/js/jquery.magnific-popup.min.js]
[paul-themes.com/html/donald/js/owl.carousel.min.js]
[paul-themes.com/html/donald/js/jquery.validate.min.js]
[paul-themes.com/html/donald/js/jquery.ajaxchimp.min.js]
[paul-themes.com/html/donald/index.html]
[paul-themes.com/html/donald/js/interface.js]
[paul-themes.com/html/donald/css/bootstrap.min.css]
[paul-themes.com/html/donald/css/font-awesome.min.css]
[paul-themes.com/html/donald/css/animate.css]
[paul-themes.com/html/donald/css/magnific-popup.css]
[paul-themes.com/html/donald/css/owl.carousel.css]
[paul-themes.com/html/donald/css/owl.transitions.css]
[paul-themes.com/html/donald/img/bg/masthead.jpg]
[paul-themes.com/html/donald/img/bg/banner.jpg]
[paul-themes.com/html/donald/css/style.css]
[paul-themes.com/html/donald/js/jquery.min.js]
[paul-themes.com/html/donald/js/bootstrap.min.js]
[paul-themes.com/html/donald/js/smoothscroll.js]
[paul-themes.com/html/donald/js/jquery.html]
[paul-themes.com/html/donald/js/wow.min.js]
[paul-themes.com/html/donald/js/jquery.magnific-popup.min.js]
[paul-themes.com/html/donald/js/owl.carousel.min.js]
[paul-themes.com/html/donald/js/jquery.validate.min.js]
[paul-themes.com/html/donald/js/jquery.ajaxchimp.min.js]
[paul-themes.com/html/donald/js/interface.js]
[paul-themes.com/html/donald/fonts/glyphicons-halflings-regular.woff2]
[paul-themes.com/html/donald/fonts/glyphicons-halflings-regular.eot]
[paul-themes.com/html/donald/fonts/glyphicons-halflings-regulard41d.eot]
[paul-themes.com/html/donald/fonts/glyphicons-halflings-regular.woff]
[paul-themes.com/html/donald/fonts/glyphicons-halflings-regular.ttf]
[paul-themes.com/html/donald/fonts/glyphicons-halflings-regular.svg]
[paul-themes.com/html/donald/css/bootstrap.min.css]
[paul-themes.com/html/donald/fonts/fontawesome-webfont3e6e.eot]
[paul-themes.com/html/donald/fonts/fontawesome-webfont3e6e.woff2]
[paul-themes.com/html/donald/fonts/fontawesome-webfontd41d.eot]
[paul-themes.com/html/donald/fonts/fontawesome-webfont3e6e.ttf]
[paul-themes.com/html/donald/fonts/fontawesome-webfont3e6e.svg]
[paul-themes.com/html/donald/css/font-awesome.min.css]
[paul-themes.com/html/donald/css/animate.css]
[paul-themes.com/html/donald/css/magnific-popup.css]
[paul-themes.com/html/donald/css/grabbing.png]
[paul-themes.com/html/donald/css/owl.carousel.css]
[paul-themes.com/html/donald/css/owl.transitions.css]
[paul-themes.com/html/donald/fonts/fontawesome-webfont3e6e.woff]
[paul-themes.com/html/donald/fonts/glyphicons-halflings-regular.svg]
[paul-themes.com/html/donald/fonts/fontawesome-webfont3e6e.svg]
